Flow report for prueba_generic
Tue May 10 10:44:40 2016
Quartus Prime Version 15.1.0 Build 185 10/21/2015 SJ Lite Edition


---------------------
; Table of Contents ;
---------------------
  1. Legal Notice
  2. Flow Summary
  3. Flow Settings
  4. Flow Non-Default Global Settings
  5. Flow Elapsed Time
  6. Flow OS Summary
  7. Flow Log
  8. Flow Messages
  9. Flow Suppressed Messages



----------------
; Legal Notice ;
----------------
Copyright (C) 1991-2015 Altera Corporation. All rights reserved.
Your use of Altera Corporation's design tools, logic functions 
and other software and tools, and its AMPP partner logic 
functions, and any output files from any of the foregoing 
(including device programming or simulation files), and any 
associated documentation or information are expressly subject 
to the terms and conditions of the Altera Program License 
Subscription Agreement, the Altera Quartus Prime License Agreement,
the Altera MegaCore Function License Agreement, or other 
applicable license agreement, including, without limitation, 
that your use is for the sole purpose of programming logic 
devices manufactured by Altera and sold by Altera or its 
authorized distributors.  Please refer to the applicable 
agreement for further details.



+----------------------------------------------------------------------------------+
; Flow Summary                                                                     ;
+------------------------------------+---------------------------------------------+
; Flow Status                        ; Successful - Tue May 10 10:44:40 2016       ;
; Quartus Prime Version              ; 15.1.0 Build 185 10/21/2015 SJ Lite Edition ;
; Revision Name                      ; prueba_generic                              ;
; Top-level Entity Name              ; CONT7V2                                     ;
; Family                             ; Cyclone IV E                                ;
; Device                             ; EP4CE115F29C7                               ;
; Timing Models                      ; Final                                       ;
; Total logic elements               ; 86 / 114,480 ( < 1 % )                      ;
;     Total combinational functions  ; 79 / 114,480 ( < 1 % )                      ;
;     Dedicated logic registers      ; 52 / 114,480 ( < 1 % )                      ;
; Total registers                    ; 52                                          ;
; Total pins                         ; 12 / 529 ( 2 % )                            ;
; Total virtual pins                 ; 0                                           ;
; Total memory bits                  ; 0 / 3,981,312 ( 0 % )                       ;
; Embedded Multiplier 9-bit elements ; 0 / 532 ( 0 % )                             ;
; Total PLLs                         ; 0 / 4 ( 0 % )                               ;
+------------------------------------+---------------------------------------------+


+-----------------------------------------+
; Flow Settings                           ;
+-------------------+---------------------+
; Option            ; Setting             ;
+-------------------+---------------------+
; Start date & time ; 05/10/2016 10:43:33 ;
; Main task         ; Compilation         ;
; Revision Name     ; prueba_generic      ;
+-------------------+---------------------+


+-------------------------------------------------------------------------------------------------------------------------------+
; Flow Non-Default Global Settings                                                                                              ;
+--------------------------------------+---------------------------------------+----------------+-------------+-----------------+
; Assignment Name                      ; Value                                 ; Default Value  ; Entity Name ; Section Id      ;
+--------------------------------------+---------------------------------------+----------------+-------------+-----------------+
; COMPILER_SIGNATURE_ID                ; 23084203634910.146288781313320        ; --             ; --          ; --              ;
; EDA_DESIGN_INSTANCE_NAME             ; NA                                    ; --             ; --          ; CONT4_UPDOWN_TB ;
; EDA_DESIGN_INSTANCE_NAME             ; LFSR1                                 ; --             ; --          ; LFSR_4_TB       ;
; EDA_DESIGN_INSTANCE_NAME             ; NA                                    ; --             ; --          ; DF_HZ_PLL_TB    ;
; EDA_DESIGN_INSTANCE_NAME             ; NA                                    ; --             ; --          ; DF_HZ_TB        ;
; EDA_DESIGN_INSTANCE_NAME             ; NA                                    ; --             ; --          ; PLL_TB          ;
; EDA_DESIGN_INSTANCE_NAME             ; NA                                    ; --             ; --          ; CONT7V2_TB      ;
; EDA_NATIVELINK_SIMULATION_TEST_BENCH ; CONT7V2_TB                            ; --             ; --          ; eda_simulation  ;
; EDA_OUTPUT_DATA_FORMAT               ; Vhdl                                  ; --             ; --          ; eda_simulation  ;
; EDA_SIMULATION_TOOL                  ; ModelSim-Altera (VHDL)                ; <None>         ; --          ; --              ;
; EDA_TEST_BENCH_ENABLE_STATUS         ; TEST_BENCH_MODE                       ; --             ; --          ; eda_simulation  ;
; EDA_TEST_BENCH_FILE                  ; CONT4_UPDOWN_TB.vhd                   ; --             ; --          ; CONT4_UPDOWN_TB ;
; EDA_TEST_BENCH_FILE                  ; LFSR_4_TB.vhd                         ; --             ; --          ; LFSR_4_TB       ;
; EDA_TEST_BENCH_FILE                  ; DF_HZ_PLL_TB.vhd                      ; --             ; --          ; DF_HZ_PLL_TB    ;
; EDA_TEST_BENCH_FILE                  ; DF_HZ_TB.vhd                          ; --             ; --          ; DF_HZ_TB        ;
; EDA_TEST_BENCH_FILE                  ; PLL_TB.vhd                            ; --             ; --          ; PLL_TB          ;
; EDA_TEST_BENCH_FILE                  ; CONT7V2_TB.vhd                        ; --             ; --          ; CONT7V2_TB      ;
; EDA_TEST_BENCH_MODULE_NAME           ; CONT4_UPDOWN_TB                       ; --             ; --          ; CONT4_UPDOWN_TB ;
; EDA_TEST_BENCH_MODULE_NAME           ; LFSR_4_TB                             ; --             ; --          ; LFSR_4_TB       ;
; EDA_TEST_BENCH_MODULE_NAME           ; DF_HZ_PLL_TB                          ; --             ; --          ; DF_HZ_PLL_TB    ;
; EDA_TEST_BENCH_MODULE_NAME           ; DF_HZ_TB                              ; --             ; --          ; DF_HZ_TB        ;
; EDA_TEST_BENCH_MODULE_NAME           ; PLL_TB                                ; --             ; --          ; PLL_TB          ;
; EDA_TEST_BENCH_MODULE_NAME           ; CONT7V2_TB                            ; --             ; --          ; CONT7V2_TB      ;
; EDA_TEST_BENCH_NAME                  ; LFSR_4_TB                             ; --             ; --          ; eda_simulation  ;
; EDA_TEST_BENCH_NAME                  ; CONT4_UPDOWN_TB                       ; --             ; --          ; eda_simulation  ;
; EDA_TEST_BENCH_NAME                  ; PLL_TB                                ; --             ; --          ; eda_simulation  ;
; EDA_TEST_BENCH_NAME                  ; DF_HZ_PLL_TB                          ; --             ; --          ; eda_simulation  ;
; EDA_TEST_BENCH_NAME                  ; DF_HZ_TB                              ; --             ; --          ; eda_simulation  ;
; EDA_TEST_BENCH_NAME                  ; CONT7V2_TB                            ; --             ; --          ; eda_simulation  ;
; FLOW_ENABLE_RTL_VIEWER               ; On                                    ; Off            ; --          ; --              ;
; MAX_CORE_JUNCTION_TEMP               ; 85                                    ; --             ; --          ; --              ;
; MIN_CORE_JUNCTION_TEMP               ; 0                                     ; --             ; --          ; --              ;
; MISC_FILE                            ; PLL/PLL_inst.vhd                      ; --             ; --          ; --              ;
; MISC_FILE                            ; PLL/PLL.cmp                           ; --             ; --          ; --              ;
; MISC_FILE                            ; PLL/PLL.ppf                           ; --             ; --          ; --              ;
; NOMINAL_CORE_SUPPLY_VOLTAGE          ; 1.2V                                  ; --             ; --          ; --              ;
; PARTITION_COLOR                      ; 16764057                              ; --             ; CONT7V2     ; Top             ;
; PARTITION_FITTER_PRESERVATION_LEVEL  ; PLACEMENT_AND_ROUTING                 ; --             ; CONT7V2     ; Top             ;
; PARTITION_NETLIST_TYPE               ; SOURCE                                ; --             ; CONT7V2     ; Top             ;
; POWER_BOARD_THERMAL_MODEL            ; None (CONSERVATIVE)                   ; --             ; --          ; --              ;
; POWER_PRESET_COOLING_SOLUTION        ; 23 MM HEAT SINK WITH 200 LFPM AIRFLOW ; --             ; --          ; --              ;
; PROJECT_OUTPUT_DIRECTORY             ; output_files                          ; --             ; --          ; --              ;
; TOP_LEVEL_ENTITY                     ; CONT7V2                               ; prueba_generic ; --          ; --              ;
+--------------------------------------+---------------------------------------+----------------+-------------+-----------------+


+-------------------------------------------------------------------------------------------------------------------------------+
; Flow Elapsed Time                                                                                                             ;
+---------------------------+--------------+-------------------------+---------------------+------------------------------------+
; Module Name               ; Elapsed Time ; Average Processors Used ; Peak Virtual Memory ; Total CPU Time (on all processors) ;
+---------------------------+--------------+-------------------------+---------------------+------------------------------------+
; Analysis & Synthesis      ; 00:00:16     ; 1.0                     ; 866 MB              ; 00:00:38                           ;
; Fitter                    ; 00:00:22     ; 1.0                     ; 1320 MB             ; 00:00:26                           ;
; Assembler                 ; 00:00:06     ; 1.0                     ; 739 MB              ; 00:00:06                           ;
; TimeQuest Timing Analyzer ; 00:00:03     ; 1.0                     ; 872 MB              ; 00:00:03                           ;
; EDA Netlist Writer        ; 00:00:01     ; 1.0                     ; 704 MB              ; 00:00:01                           ;
; Total                     ; 00:00:48     ; --                      ; --                  ; 00:01:14                           ;
+---------------------------+--------------+-------------------------+---------------------+------------------------------------+


+----------------------------------------------------------------------------------------+
; Flow OS Summary                                                                        ;
+---------------------------+------------------+-----------+------------+----------------+
; Module Name               ; Machine Hostname ; OS Name   ; OS Version ; Processor type ;
+---------------------------+------------------+-----------+------------+----------------+
; Analysis & Synthesis      ; Gabriel          ; Windows 8 ; 6.2        ; x86_64         ;
; Fitter                    ; Gabriel          ; Windows 8 ; 6.2        ; x86_64         ;
; Assembler                 ; Gabriel          ; Windows 8 ; 6.2        ; x86_64         ;
; TimeQuest Timing Analyzer ; Gabriel          ; Windows 8 ; 6.2        ; x86_64         ;
; EDA Netlist Writer        ; Gabriel          ; Windows 8 ; 6.2        ; x86_64         ;
+---------------------------+------------------+-----------+------------+----------------+


------------
; Flow Log ;
------------
quartus_map --read_settings_files=on --write_settings_files=off Laboratorio4 -c prueba_generic
quartus_fit --read_settings_files=off --write_settings_files=off Laboratorio4 -c prueba_generic
quartus_asm --read_settings_files=off --write_settings_files=off Laboratorio4 -c prueba_generic
quartus_sta Laboratorio4 -c prueba_generic
quartus_eda --read_settings_files=off --write_settings_files=off Laboratorio4 -c prueba_generic



